Flow report for CallPlatform
Wed May 06 19:05:07 2020
Quartus II Version 9.1 Build 350 03/24/2010 Service Pack 2 SJ Web Edition


---------------------
; Table of Contents ;
---------------------
  1. Legal Notice
  2. Flow Summary
  3. Flow Settings
  4. Flow Non-Default Global Settings
  5. Flow Elapsed Time
  6. Flow OS Summary
  7. Flow Log



----------------
; Legal Notice ;
----------------
Copyright (C) 1991-2010 Altera Corporation
Your use of Altera Corporation's design tools, logic functions 
and other software and tools, and its AMPP partner logic 
functions, and any output files from any of the foregoing 
(including device programming or simulation files), and any 
associated documentation or information are expressly subject 
to the terms and conditions of the Altera Program License 
Subscription Agreement, Altera MegaCore Function License 
Agreement, or other applicable license agreement, including, 
without limitation, that your use is for the sole purpose of 
programming logic devices manufactured by Altera and sold by 
Altera or its authorized distributors.  Please refer to the 
applicable agreement for further details.



+-----------------------------------------------------------------------------------+
; Flow Summary                                                                      ;
+------------------------------------+----------------------------------------------+
; Flow Status                        ; Successful - Wed May 06 19:05:07 2020        ;
; Quartus II Version                 ; 9.1 Build 350 03/24/2010 SP 2 SJ Web Edition ;
; Revision Name                      ; CallPlatform                                 ;
; Top-level Entity Name              ; CallPlatform                                 ;
; Family                             ; Cyclone II                                   ;
; Device                             ; EP2C70F896C6                                 ;
; Timing Models                      ; Final                                        ;
; Met timing requirements            ; No                                           ;
; Total logic elements               ; 4,274 / 68,416 ( 6 % )                       ;
;     Total combinational functions  ; 4,208 / 68,416 ( 6 % )                       ;
;     Dedicated logic registers      ; 684 / 68,416 ( < 1 % )                       ;
; Total registers                    ; 684                                          ;
; Total pins                         ; 302 / 622 ( 49 % )                           ;
; Total virtual pins                 ; 160                                          ;
; Total memory bits                  ; 2,560 / 1,152,000 ( < 1 % )                  ;
; Embedded Multiplier 9-bit elements ; 0 / 300 ( 0 % )                              ;
; Total PLLs                         ; 0 / 4 ( 0 % )                                ;
+------------------------------------+----------------------------------------------+


+-----------------------------------------+
; Flow Settings                           ;
+-------------------+---------------------+
; Option            ; Setting             ;
+-------------------+---------------------+
; Start date & time ; 05/06/2020 19:04:18 ;
; Main task         ; Compilation         ;
; Revision Name     ; CallPlatform        ;
+-------------------+---------------------+


+-------------------------------------------------------------------------------------------------------------------------------------------------------------------+
; Flow Non-Default Global Settings                                                                                                                                  ;
+------------------------------------+-------------------------------------------------------------------------------+---------------+-------------+----------------+
; Assignment Name                    ; Value                                                                         ; Default Value ; Entity Name ; Section Id     ;
+------------------------------------+-------------------------------------------------------------------------------+---------------+-------------+----------------+
; COMPILER_SIGNATURE_ID              ; 5404515704788.158876305720896                                                 ; --            ; --          ; --             ;
; MAX_CORE_JUNCTION_TEMP             ; 85                                                                            ; --            ; --          ; --             ;
; MIN_CORE_JUNCTION_TEMP             ; 0                                                                             ; --            ; --          ; --             ;
; MISC_FILE                          ; C:/Users/Cetus/Documents/study-hard/course/fpga/CallPlatform/CallPlatform.dpf ; --            ; --          ; --             ;
; PARTITION_COLOR                    ; 16764057                                                                      ; --            ; --          ; Top            ;
; PARTITION_NETLIST_TYPE             ; SOURCE                                                                        ; --            ; --          ; Top            ;
; USE_GENERATED_PHYSICAL_CONSTRAINTS ; Off                                                                           ; --            ; --          ; eda_blast_fpga ;
+------------------------------------+-------------------------------------------------------------------------------+---------------+-------------+----------------+


+-----------------------------------------------------------------------------------------------------------------------------+
; Flow Elapsed Time                                                                                                           ;
+-------------------------+--------------+-------------------------+---------------------+------------------------------------+
; Module Name             ; Elapsed Time ; Average Processors Used ; Peak Virtual Memory ; Total CPU Time (on all processors) ;
+-------------------------+--------------+-------------------------+---------------------+------------------------------------+
; Analysis & Synthesis    ; 00:00:18     ; 1.0                     ; 281 MB              ; 00:00:38                           ;
; Fitter                  ; 00:00:21     ; 1.0                     ; 401 MB              ; 00:00:36                           ;
; Assembler               ; 00:00:05     ; 1.0                     ; 359 MB              ; 00:00:05                           ;
; Classic Timing Analyzer ; 00:00:01     ; 1.0                     ; 205 MB              ; 00:00:03                           ;
; Total                   ; 00:00:45     ; --                      ; --                  ; 00:01:22                           ;
+-------------------------+--------------+-------------------------+---------------------+------------------------------------+


+------------------------------------------------------------------------------------------+
; Flow OS Summary                                                                          ;
+-------------------------+------------------+---------------+------------+----------------+
; Module Name             ; Machine Hostname ; OS Name       ; OS Version ; Processor type ;
+-------------------------+------------------+---------------+------------+----------------+
; Analysis & Synthesis    ; Cetus            ; Windows Vista ; 6.2        ; x86_64         ;
; Fitter                  ; Cetus            ; Windows Vista ; 6.2        ; x86_64         ;
; Assembler               ; Cetus            ; Windows Vista ; 6.2        ; x86_64         ;
; Classic Timing Analyzer ; Cetus            ; Windows Vista ; 6.2        ; x86_64         ;
+-------------------------+------------------+---------------+------------+----------------+


------------
; Flow Log ;
------------
quartus_map --read_settings_files=on --write_settings_files=off CallPlatform -c CallPlatform
quartus_fit --read_settings_files=off --write_settings_files=off CallPlatform -c CallPlatform
quartus_asm --read_settings_files=off --write_settings_files=off CallPlatform -c CallPlatform
quartus_tan --read_settings_files=off --write_settings_files=off CallPlatform -c CallPlatform --timing_analysis_only



